[INFO] Scanning for projects...
[INFO] 
[INFO] -----------------------< com.mohini:eventportal >-----------------------
[INFO] Building eventportal 0.0.1-SNAPSHOT
[INFO]   from pom.xml
[INFO] --------------------------------[ jar ]---------------------------------
[INFO] 
[INFO] --- resources:3.3.1:resources (default-resources) @ eventportal ---
[INFO] Copying 1 resource from src\main\resources to target\classes
[INFO] Copying 45 resources from src\main\resources to target\classes
[INFO] 
[INFO] --- compiler:3.13.0:compile (default-compile) @ eventportal ---
[INFO] Recompiling the module because of changed source code.
[INFO] Compiling 38 source files with javac [debug parameters release 17] to target\classes
[INFO] -------------------------------------------------------------
[ERROR] COMPILATION ERROR : 
[INFO] -------------------------------------------------------------
[ERROR] /C:/Users/Mohin/Downloads/eventportal/eventportal/src/main/java/com/mohini/eventportal/repository/EventRepository.java:[5,1] class, interface, enum, or record expected
[INFO] 1 error
[INFO] -------------------------------------------------------------
[INFO] ------------------------------------------------------------------------
[INFO] BUILD FAILURE
[INFO] ------------------------------------------------------------------------
[INFO] Total time:  3.130 s
[INFO] Finished at: 2026-03-09T20:31:06+05:30
[INFO] ------------------------------------------------------------------------
[ERROR] Failed to execute goal org.apache.maven.plugins:maven-compiler-plugin:3.13.0:compile (default-compile) on project eventportal: Compilation failure
[ERROR] /C:/Users/Mohin/Downloads/eventportal/eventportal/src/main/java/com/mohini/eventportal/repository/EventRepository.java:[5,1] class, interface, enum, or record expected
[ERROR] 
[ERROR] -> [Help 1]
[ERROR] 
[ERROR] To see the full stack trace of the errors, re-run Maven with the -e switch.
[ERROR] Re-run Maven using the -X switch to enable full debug logging.
[ERROR] 
[ERROR] For more information about the errors and possible solutions, please read the following articles:
[ERROR] [Help 1] http://cwiki.apache.org/confluence/display/MAVEN/MojoFailureException
